Archive member included to satisfy reference by file (symbol)

..\..\..\libpdmfilter_gcc.a(pdm_filter.o)
                              ..\obj\main.o (PDM_Filter_Init)
d:/programy/7 2017-q4-major/bin/../lib/gcc/arm-none-eabi/7.2.1/../../../../arm-none-eabi/lib/thumb/v7e-m/fpv4-sp/softfp\libm.a(lib_a-wf_sqrt.o)
                              ..\obj\arm_cmplx_mag_f32.o (sqrtf)
d:/programy/7 2017-q4-major/bin/../lib/gcc/arm-none-eabi/7.2.1/../../../../arm-none-eabi/lib/thumb/v7e-m/fpv4-sp/softfp\libm.a(lib_a-ef_sqrt.o)
                              d:/programy/7 2017-q4-major/bin/../lib/gcc/arm-none-eabi/7.2.1/../../../../arm-none-eabi/lib/thumb/v7e-m/fpv4-sp/softfp\libm.a(lib_a-wf_sqrt.o) (__ieee754_sqrtf)
d:/programy/7 2017-q4-major/bin/../lib/gcc/arm-none-eabi/7.2.1/../../../../arm-none-eabi/lib/thumb/v7e-m/fpv4-sp/softfp\libm.a(lib_a-s_lib_ver.o)
                              d:/programy/7 2017-q4-major/bin/../lib/gcc/arm-none-eabi/7.2.1/../../../../arm-none-eabi/lib/thumb/v7e-m/fpv4-sp/softfp\libm.a(lib_a-wf_sqrt.o) (__fdlib_version)
d:/programy/7 2017-q4-major/bin/../lib/gcc/arm-none-eabi/7.2.1/../../../../arm-none-eabi/lib/thumb/v7e-m/fpv4-sp/softfp\libm.a(lib_a-s_matherr.o)
                              d:/programy/7 2017-q4-major/bin/../lib/gcc/arm-none-eabi/7.2.1/../../../../arm-none-eabi/lib/thumb/v7e-m/fpv4-sp/softfp\libm.a(lib_a-wf_sqrt.o) (matherr)
d:/programy/7 2017-q4-major/bin/../lib/gcc/arm-none-eabi/7.2.1/thumb/v7e-m/fpv4-sp/softfp\libgcc.a(_arm_addsubdf3.o)
                              ..\..\..\libpdmfilter_gcc.a(pdm_filter.o) (__aeabi_dadd)
d:/programy/7 2017-q4-major/bin/../lib/gcc/arm-none-eabi/7.2.1/thumb/v7e-m/fpv4-sp/softfp\libgcc.a(_arm_muldivdf3.o)
                              ..\obj\main.o (__aeabi_dmul)
d:/programy/7 2017-q4-major/bin/../lib/gcc/arm-none-eabi/7.2.1/thumb/v7e-m/fpv4-sp/softfp\libgcc.a(_arm_fixunsdfsi.o)
                              ..\..\..\libpdmfilter_gcc.a(pdm_filter.o) (__aeabi_d2uiz)
d:/programy/7 2017-q4-major/bin/../lib/gcc/arm-none-eabi/7.2.1/thumb/v7e-m/fpv4-sp/softfp\libgcc.a(_arm_truncdfsf2.o)
                              ..\obj\main.o (__aeabi_d2f)
d:/programy/7 2017-q4-major/bin/../lib/gcc/arm-none-eabi/7.2.1/thumb/v7e-m/fpv4-sp/softfp\libgcc.a(_arm_muldivsf3.o)
                              ..\..\..\libpdmfilter_gcc.a(pdm_filter.o) (__aeabi_fmul)
d:/programy/7 2017-q4-major/bin/../lib/gcc/arm-none-eabi/7.2.1/thumb/v7e-m/fpv4-sp/softfp\libgcc.a(_arm_cmpsf2.o)
                              ..\..\..\libpdmfilter_gcc.a(pdm_filter.o) (__aeabi_fcmpeq)
d:/programy/7 2017-q4-major/bin/../lib/gcc/arm-none-eabi/7.2.1/../../../../arm-none-eabi/lib/thumb/v7e-m/fpv4-sp/softfp\libc.a(lib_a-errno.o)
                              d:/programy/7 2017-q4-major/bin/../lib/gcc/arm-none-eabi/7.2.1/../../../../arm-none-eabi/lib/thumb/v7e-m/fpv4-sp/softfp\libm.a(lib_a-wf_sqrt.o) (__errno)
d:/programy/7 2017-q4-major/bin/../lib/gcc/arm-none-eabi/7.2.1/../../../../arm-none-eabi/lib/thumb/v7e-m/fpv4-sp/softfp\libc.a(lib_a-impure.o)
                              d:/programy/7 2017-q4-major/bin/../lib/gcc/arm-none-eabi/7.2.1/../../../../arm-none-eabi/lib/thumb/v7e-m/fpv4-sp/softfp\libc.a(lib_a-errno.o) (_impure_ptr)

Allocating common symbols
Common symbol       size              file

PDM_Input_Buffer    0x40              ..\obj\main.o
buffer_output_mag   0x4000            ..\obj\main.o
S                   0x18              ..\obj\main.o
buffer_output       0x4000            ..\obj\main.o
Filter              0x34              ..\obj\main.o
maxvalue            0x4               ..\obj\main.o
buffer_input        0x4000            ..\obj\main.o
S_CFFT              0x14              ..\obj\main.o
PCM_Output_Buffer   0x10              ..\obj\main.o
maxvalueindex       0x4               ..\obj\main.o

Discarded input sections

 .text          0x00000000        0x0 ..\obj\stm32f4xx_syscfg.o
 .data          0x00000000        0x0 ..\obj\stm32f4xx_syscfg.o
 .bss           0x00000000        0x0 ..\obj\stm32f4xx_syscfg.o
 .text.SYSCFG_DeInit
                0x00000000       0x1c ..\obj\stm32f4xx_syscfg.o
 .text.SYSCFG_MemoryRemapConfig
                0x00000000       0x20 ..\obj\stm32f4xx_syscfg.o
 .text.SYSCFG_EXTILineConfig
                0x00000000       0x84 ..\obj\stm32f4xx_syscfg.o
 .text.SYSCFG_ETH_MediaInterfaceConfig
                0x00000000       0x20 ..\obj\stm32f4xx_syscfg.o
 .text.SYSCFG_CompensationCellCmd
                0x00000000       0x20 ..\obj\stm32f4xx_syscfg.o
 .text.SYSCFG_GetCompensationCellStatus
                0x00000000       0x34 ..\obj\stm32f4xx_syscfg.o
 .debug_info    0x00000000      0x27e ..\obj\stm32f4xx_syscfg.o
 .debug_abbrev  0x00000000      0x148 ..\obj\stm32f4xx_syscfg.o
 .debug_aranges
                0x00000000       0x48 ..\obj\stm32f4xx_syscfg.o
 .debug_ranges  0x00000000       0x38 ..\obj\stm32f4xx_syscfg.o
 .debug_line    0x00000000      0x1f8 ..\obj\stm32f4xx_syscfg.o
 .debug_str     0x00000000      0x368 ..\obj\stm32f4xx_syscfg.o
 .comment       0x00000000       0x7f ..\obj\stm32f4xx_syscfg.o
 .debug_frame   0x00000000       0xf4 ..\obj\stm32f4xx_syscfg.o
 .ARM.attributes
                0x00000000       0x37 ..\obj\stm32f4xx_syscfg.o
 .text          0x00000000        0x0 ..\obj\arm_cfft_radix4_f32.o
 .data          0x00000000        0x0 ..\obj\arm_cfft_radix4_f32.o
 .bss           0x00000000        0x0 ..\obj\arm_cfft_radix4_f32.o
 .text.arm_cfft_radix4_f32
                0x00000000       0x62 ..\obj\arm_cfft_radix4_f32.o
 .text          0x00000000        0x0 ..\obj\arm_common_tables.o
 .data          0x00000000        0x0 ..\obj\arm_common_tables.o
 .bss           0x00000000        0x0 ..\obj\arm_common_tables.o
 .text          0x00000000        0x0 ..\obj\arm_rfft_f32.o
 .data          0x00000000        0x0 ..\obj\arm_rfft_f32.o
 .bss           0x00000000        0x0 ..\obj\arm_rfft_f32.o
 .text          0x00000000        0x0 ..\obj\startup_stm32f4xx.o
 .data          0x00000000        0x0 ..\obj\startup_stm32f4xx.o
 .bss           0x00000000        0x0 ..\obj\startup_stm32f4xx.o
 .text          0x00000000        0x0 ..\obj\stm32f4xx_crc.o
 .data          0x00000000        0x0 ..\obj\stm32f4xx_crc.o
 .bss           0x00000000        0x0 ..\obj\stm32f4xx_crc.o
 .text.CRC_ResetDR
                0x00000000       0x18 ..\obj\stm32f4xx_crc.o
 .text.CRC_CalcCRC
                0x00000000       0x24 ..\obj\stm32f4xx_crc.o
 .text.CRC_CalcBlockCRC
                0x00000000       0x44 ..\obj\stm32f4xx_crc.o
 .text.CRC_GetCRC
                0x00000000       0x18 ..\obj\stm32f4xx_crc.o
 .text.CRC_SetIDRegister
                0x00000000       0x20 ..\obj\stm32f4xx_crc.o
 .text.CRC_GetIDRegister
                0x00000000       0x18 ..\obj\stm32f4xx_crc.o
 .debug_info    0x00000000      0x210 ..\obj\stm32f4xx_crc.o
 .debug_abbrev  0x00000000      0x127 ..\obj\stm32f4xx_crc.o
 .debug_aranges
                0x00000000       0x48 ..\obj\stm32f4xx_crc.o
 .debug_ranges  0x00000000       0x38 ..\obj\stm32f4xx_crc.o
 .debug_line    0x00000000      0x1fd ..\obj\stm32f4xx_crc.o
 .debug_str     0x00000000      0x2bf ..\obj\stm32f4xx_crc.o
 .comment       0x00000000       0x7f ..\obj\stm32f4xx_crc.o
 .debug_frame   0x00000000       0xe8 ..\obj\stm32f4xx_crc.o
 .ARM.attributes
                0x00000000       0x37 ..\obj\stm32f4xx_crc.o
 .text          0x00000000        0x0 ..\obj\main.o
 .text          0x00000000        0x0 ..\obj\stm32f4xx_rcc.o
 .data          0x00000000       0x10 ..\obj\stm32f4xx_rcc.o
 .bss           0x00000000        0x0 ..\obj\stm32f4xx_rcc.o
 .text.RCC_DeInit
                0x00000000       0x50 ..\obj\stm32f4xx_rcc.o
 .text.RCC_HSEConfig
                0x00000000       0x28 ..\obj\stm32f4xx_rcc.o
 .text.RCC_WaitForHSEStartUp
                0x00000000       0x50 ..\obj\stm32f4xx_rcc.o
 .text.RCC_AdjustHSICalibrationValue
                0x00000000       0x3c ..\obj\stm32f4xx_rcc.o
 .text.RCC_HSICmd
                0x00000000       0x20 ..\obj\stm32f4xx_rcc.o
 .text.RCC_LSEConfig
                0x00000000       0x44 ..\obj\stm32f4xx_rcc.o
 .text.RCC_LSICmd
                0x00000000       0x20 ..\obj\stm32f4xx_rcc.o
 .text.RCC_PLLConfig
                0x00000000       0x40 ..\obj\stm32f4xx_rcc.o
 .text.RCC_PLLCmd
                0x00000000       0x20 ..\obj\stm32f4xx_rcc.o
 .text.RCC_PLLI2SConfig
                0x00000000       0x2c ..\obj\stm32f4xx_rcc.o
 .text.RCC_ClockSecuritySystemCmd
                0x00000000       0x20 ..\obj\stm32f4xx_rcc.o
 .text.RCC_MCO1Config
                0x00000000       0x40 ..\obj\stm32f4xx_rcc.o
 .text.RCC_MCO2Config
                0x00000000       0x40 ..\obj\stm32f4xx_rcc.o
 .text.RCC_SYSCLKConfig
                0x00000000       0x38 ..\obj\stm32f4xx_rcc.o
 .text.RCC_GetSYSCLKSource
                0x00000000       0x20 ..\obj\stm32f4xx_rcc.o
 .text.RCC_HCLKConfig
                0x00000000       0x38 ..\obj\stm32f4xx_rcc.o
 .text.RCC_PCLK1Config
                0x00000000       0x38 ..\obj\stm32f4xx_rcc.o
 .text.RCC_PCLK2Config
                0x00000000       0x3c ..\obj\stm32f4xx_rcc.o
 .text.RCC_GetClocksFreq
                0x00000000      0x150 ..\obj\stm32f4xx_rcc.o
 .text.RCC_RTCCLKConfig
                0x00000000       0x5c ..\obj\stm32f4xx_rcc.o
 .text.RCC_RTCCLKCmd
                0x00000000       0x20 ..\obj\stm32f4xx_rcc.o
 .text.RCC_BackupResetCmd
                0x00000000       0x20 ..\obj\stm32f4xx_rcc.o
 .text.RCC_I2SCLKConfig
                0x00000000       0x20 ..\obj\stm32f4xx_rcc.o
 .text.RCC_AHB2PeriphClockCmd
                0x00000000       0x40 ..\obj\stm32f4xx_rcc.o
 .text.RCC_AHB3PeriphClockCmd
                0x00000000       0x40 ..\obj\stm32f4xx_rcc.o
 .text.RCC_APB2PeriphClockCmd
                0x00000000       0x40 ..\obj\stm32f4xx_rcc.o
 .text.RCC_AHB1PeriphResetCmd
                0x00000000       0x40 ..\obj\stm32f4xx_rcc.o
 .text.RCC_AHB2PeriphResetCmd
                0x00000000       0x40 ..\obj\stm32f4xx_rcc.o
 .text.RCC_AHB3PeriphResetCmd
                0x00000000       0x40 ..\obj\stm32f4xx_rcc.o
 .text.RCC_AHB1PeriphClockLPModeCmd
                0x00000000       0x40 ..\obj\stm32f4xx_rcc.o
 .text.RCC_AHB2PeriphClockLPModeCmd
                0x00000000       0x40 ..\obj\stm32f4xx_rcc.o
 .text.RCC_AHB3PeriphClockLPModeCmd
                0x00000000       0x40 ..\obj\stm32f4xx_rcc.o
 .text.RCC_APB1PeriphClockLPModeCmd
                0x00000000       0x40 ..\obj\stm32f4xx_rcc.o
 .text.RCC_APB2PeriphClockLPModeCmd
                0x00000000       0x40 ..\obj\stm32f4xx_rcc.o
 .text.RCC_ITConfig
                0x00000000       0x4c ..\obj\stm32f4xx_rcc.o
 .text.RCC_GetFlagStatus
                0x00000000       0x74 ..\obj\stm32f4xx_rcc.o
 .text.RCC_ClearFlag
                0x00000000       0x20 ..\obj\stm32f4xx_rcc.o
 .text.RCC_GetITStatus
                0x00000000       0x38 ..\obj\stm32f4xx_rcc.o
 .text.RCC_ClearITPendingBit
                0x00000000       0x20 ..\obj\stm32f4xx_rcc.o
 .text          0x00000000        0x0 ..\obj\arm_rfft_init_f32.o
 .data          0x00000000        0x0 ..\obj\arm_rfft_init_f32.o
 .bss           0x00000000        0x0 ..\obj\arm_rfft_init_f32.o
 .text          0x00000000        0x0 ..\obj\stm32f4xx_it.o
 .data          0x00000000        0x0 ..\obj\stm32f4xx_it.o
 .text          0x00000000        0x0 ..\obj\arm_cmplx_mag_f32.o
 .data          0x00000000        0x0 ..\obj\arm_cmplx_mag_f32.o
 .bss           0x00000000        0x0 ..\obj\arm_cmplx_mag_f32.o
 .text          0x00000000        0x0 ..\obj\arm_cmplx_mag_squared_f32.o
 .data          0x00000000        0x0 ..\obj\arm_cmplx_mag_squared_f32.o
 .bss           0x00000000        0x0 ..\obj\arm_cmplx_mag_squared_f32.o
 .text.arm_cmplx_mag_squared_f32
                0x00000000      0x198 ..\obj\arm_cmplx_mag_squared_f32.o
 .debug_info    0x00000000      0xa8c ..\obj\arm_cmplx_mag_squared_f32.o
 .debug_abbrev  0x00000000      0x1d9 ..\obj\arm_cmplx_mag_squared_f32.o
 .debug_aranges
                0x00000000       0x20 ..\obj\arm_cmplx_mag_squared_f32.o
 .debug_ranges  0x00000000       0x10 ..\obj\arm_cmplx_mag_squared_f32.o
 .debug_line    0x00000000      0x204 ..\obj\arm_cmplx_mag_squared_f32.o
 .debug_str     0x00000000      0x6e8 ..\obj\arm_cmplx_mag_squared_f32.o
 .comment       0x00000000       0x7f ..\obj\arm_cmplx_mag_squared_f32.o
 .debug_frame   0x00000000       0x38 ..\obj\arm_cmplx_mag_squared_f32.o
 .ARM.attributes
                0x00000000       0x37 ..\obj\arm_cmplx_mag_squared_f32.o
 .text          0x00000000        0x0 ..\obj\stm32f4xx_fsmc.o
 .data          0x00000000        0x0 ..\obj\stm32f4xx_fsmc.o
 .bss           0x00000000        0x0 ..\obj\stm32f4xx_fsmc.o
 .text.FSMC_NORSRAMDeInit
                0x00000000       0x58 ..\obj\stm32f4xx_fsmc.o
 .text.FSMC_NORSRAMInit
                0x00000000      0x13c ..\obj\stm32f4xx_fsmc.o
 .text.FSMC_NORSRAMStructInit
                0x00000000       0xd6 ..\obj\stm32f4xx_fsmc.o
 .text.FSMC_NORSRAMCmd
                0x00000000       0x54 ..\obj\stm32f4xx_fsmc.o
 .text.FSMC_NANDDeInit
                0x00000000       0x5c ..\obj\stm32f4xx_fsmc.o
 .text.FSMC_NANDInit
                0x00000000       0xd0 ..\obj\stm32f4xx_fsmc.o
 .text.FSMC_NANDStructInit
                0x00000000       0x7e ..\obj\stm32f4xx_fsmc.o
 .text.FSMC_NANDCmd
                0x00000000       0x6c ..\obj\stm32f4xx_fsmc.o
 .text.FSMC_NANDECCCmd
                0x00000000       0x6c ..\obj\stm32f4xx_fsmc.o
 .text.FSMC_GetECC
                0x00000000       0x38 ..\obj\stm32f4xx_fsmc.o
 .text.FSMC_PCCARDDeInit
                0x00000000       0x38 ..\obj\stm32f4xx_fsmc.o
 .text.FSMC_PCCARDInit
                0x00000000       0xac ..\obj\stm32f4xx_fsmc.o
 .text.FSMC_PCCARDStructInit
                0x00000000       0x86 ..\obj\stm32f4xx_fsmc.o
 .text.FSMC_PCCARDCmd
                0x00000000       0x40 ..\obj\stm32f4xx_fsmc.o
 .text.FSMC_ITConfig
                0x00000000       0xa0 ..\obj\stm32f4xx_fsmc.o
 .text.FSMC_GetFlagStatus
                0x00000000       0x64 ..\obj\stm32f4xx_fsmc.o
 .text.FSMC_ClearFlag
                0x00000000       0x60 ..\obj\stm32f4xx_fsmc.o
 .text.FSMC_GetITStatus
                0x00000000       0x80 ..\obj\stm32f4xx_fsmc.o
 .text.FSMC_ClearITPendingBit
                0x00000000       0x64 ..\obj\stm32f4xx_fsmc.o
 .debug_info    0x00000000      0x903 ..\obj\stm32f4xx_fsmc.o
 .debug_abbrev  0x00000000      0x19f ..\obj\stm32f4xx_fsmc.o
 .debug_aranges
                0x00000000       0xb0 ..\obj\stm32f4xx_fsmc.o
 .debug_ranges  0x00000000       0xa0 ..\obj\stm32f4xx_fsmc.o
 .debug_line    0x00000000      0x47f ..\obj\stm32f4xx_fsmc.o
 .debug_str     0x00000000      0x7fe ..\obj\stm32f4xx_fsmc.o
 .comment       0x00000000       0x7f ..\obj\stm32f4xx_fsmc.o
 .debug_frame   0x00000000      0x300 ..\obj\stm32f4xx_fsmc.o
 .ARM.attributes
                0x00000000       0x37 ..\obj\stm32f4xx_fsmc.o
 .text          0x00000000        0x0 ..\obj\stm32f4xx_gpio.o
 .data          0x00000000        0x0 ..\obj\stm32f4xx_gpio.o
 .bss           0x00000000        0x0 ..\obj\stm32f4xx_gpio.o
 .text.GPIO_DeInit
                0x00000000      0x120 ..\obj\stm32f4xx_gpio.o
 .text.GPIO_StructInit
                0x00000000       0x34 ..\obj\stm32f4xx_gpio.o
 .text.GPIO_PinLockConfig
                0x00000000       0x44 ..\obj\stm32f4xx_gpio.o
 .text.GPIO_ReadInputData
                0x00000000       0x1a ..\obj\stm32f4xx_gpio.o
 .text.GPIO_ReadOutputDataBit
                0x00000000       0x34 ..\obj\stm32f4xx_gpio.o
 .text.GPIO_ReadOutputData
                0x00000000       0x1a ..\obj\stm32f4xx_gpio.o
 .text.GPIO_SetBits
                0x00000000       0x1e ..\obj\stm32f4xx_gpio.o
 .text.GPIO_ResetBits
                0x00000000       0x1e ..\obj\stm32f4xx_gpio.o
 .text.GPIO_Write
                0x00000000       0x1e ..\obj\stm32f4xx_gpio.o
 .text.GPIO_ToggleBits
                0x00000000       0x24 ..\obj\stm32f4xx_gpio.o
 .text          0x00000000        0x0 ..\obj\system_stm32f4xx.o
 .data          0x00000000       0x14 ..\obj\system_stm32f4xx.o
 .bss           0x00000000        0x0 ..\obj\system_stm32f4xx.o
 .text.SystemCoreClockUpdate
                0x00000000       0xf8 ..\obj\system_stm32f4xx.o
 .text          0x00000000        0x0 ..\obj\syscalls.o
 .data          0x00000000        0x0 ..\obj\syscalls.o
 .bss           0x00000000        0x4 ..\obj\syscalls.o
 .text._sbrk    0x00000000       0x40 ..\obj\syscalls.o
 .text.link     0x00000000       0x1a ..\obj\syscalls.o
 .text._close   0x00000000       0x18 ..\obj\syscalls.o
 .text._fstat   0x00000000       0x20 ..\obj\syscalls.o
 .text._isatty  0x00000000       0x16 ..\obj\syscalls.o
 .text._lseek   0x00000000       0x1a ..\obj\syscalls.o
 .text._read    0x00000000       0x1a ..\obj\syscalls.o
 .text._write   0x00000000       0x1a ..\obj\syscalls.o
 .text.abort    0x00000000        0x6 ..\obj\syscalls.o
 .debug_info    0x00000000      0xc98 ..\obj\syscalls.o
 .debug_abbrev  0x00000000      0x20d ..\obj\syscalls.o
 .debug_aranges
                0x00000000       0x60 ..\obj\syscalls.o
 .debug_ranges  0x00000000       0x50 ..\obj\syscalls.o
 .debug_line    0x00000000      0x24a ..\obj\syscalls.o
 .debug_str     0x00000000      0x753 ..\obj\syscalls.o
 .comment       0x00000000       0x7f ..\obj\syscalls.o
 .debug_frame   0x00000000      0x168 ..\obj\syscalls.o
 .ARM.attributes
                0x00000000       0x37 ..\obj\syscalls.o
 .text          0x00000000        0x0 ..\obj\stm32f4xx_spi.o
 .data          0x00000000        0x0 ..\obj\stm32f4xx_spi.o
 .bss           0x00000000        0x0 ..\obj\stm32f4xx_spi.o
 .text.SPI_Init
                0x00000000       0x88 ..\obj\stm32f4xx_spi.o
 .text.SPI_StructInit
                0x00000000       0x4a ..\obj\stm32f4xx_spi.o
 .text.I2S_StructInit
                0x00000000       0x38 ..\obj\stm32f4xx_spi.o
 .text.SPI_Cmd  0x00000000       0x40 ..\obj\stm32f4xx_spi.o
 .text.SPI_DataSizeConfig
                0x00000000       0x38 ..\obj\stm32f4xx_spi.o
 .text.SPI_BiDirectionalLineConfig
                0x00000000       0x42 ..\obj\stm32f4xx_spi.o
 .text.SPI_NSSInternalSoftwareConfig
                0x00000000       0x44 ..\obj\stm32f4xx_spi.o
 .text.SPI_SSOutputCmd
                0x00000000       0x40 ..\obj\stm32f4xx_spi.o
 .text.SPI_TIModeCmd
                0x00000000       0x40 ..\obj\stm32f4xx_spi.o
 .text.I2S_FullDuplexConfig
                0x00000000       0x9c ..\obj\stm32f4xx_spi.o
 .text.SPI_I2S_SendData
                0x00000000       0x1e ..\obj\stm32f4xx_spi.o
 .text.SPI_CalculateCRC
                0x00000000       0x40 ..\obj\stm32f4xx_spi.o
 .text.SPI_TransmitCRC
                0x00000000       0x24 ..\obj\stm32f4xx_spi.o
 .text.SPI_GetCRC
                0x00000000       0x32 ..\obj\stm32f4xx_spi.o
 .text.SPI_GetCRCPolynomial
                0x00000000       0x1a ..\obj\stm32f4xx_spi.o
 .text.SPI_I2S_DMACmd
                0x00000000       0x48 ..\obj\stm32f4xx_spi.o
 .text.SPI_I2S_GetFlagStatus
                0x00000000       0x38 ..\obj\stm32f4xx_spi.o
 .text.SPI_I2S_ClearFlag
                0x00000000       0x22 ..\obj\stm32f4xx_spi.o
 .text.SPI_I2S_ClearITPendingBit
                0x00000000       0x34 ..\obj\stm32f4xx_spi.o
 .text          0x00000000        0x0 ..\obj\stm32f4xx_exti.o
 .data          0x00000000        0x0 ..\obj\stm32f4xx_exti.o
 .bss           0x00000000        0x0 ..\obj\stm32f4xx_exti.o
 .text.EXTI_DeInit
                0x00000000       0x34 ..\obj\stm32f4xx_exti.o
 .text.EXTI_Init
                0x00000000       0xe4 ..\obj\stm32f4xx_exti.o
 .text.EXTI_StructInit
                0x00000000       0x2c ..\obj\stm32f4xx_exti.o
 .text.EXTI_GenerateSWInterrupt
                0x00000000       0x24 ..\obj\stm32f4xx_exti.o
 .text.EXTI_GetFlagStatus
                0x00000000       0x34 ..\obj\stm32f4xx_exti.o
 .text.EXTI_ClearFlag
                0x00000000       0x20 ..\obj\stm32f4xx_exti.o
 .text.EXTI_GetITStatus
                0x00000000       0x48 ..\obj\stm32f4xx_exti.o
 .text.EXTI_ClearITPendingBit
                0x00000000       0x20 ..\obj\stm32f4xx_exti.o
 .debug_info    0x00000000      0x363 ..\obj\stm32f4xx_exti.o
 .debug_abbrev  0x00000000      0x1c0 ..\obj\stm32f4xx_exti.o
 .debug_aranges
                0x00000000       0x58 ..\obj\stm32f4xx_exti.o
 .debug_ranges  0x00000000       0x48 ..\obj\stm32f4xx_exti.o
 .debug_line    0x00000000      0x289 ..\obj\stm32f4xx_exti.o
 .debug_str     0x00000000      0x3cd ..\obj\stm32f4xx_exti.o
 .comment       0x00000000       0x7f ..\obj\stm32f4xx_exti.o
 .debug_frame   0x00000000      0x148 ..\obj\stm32f4xx_exti.o
 .ARM.attributes
                0x00000000       0x37 ..\obj\stm32f4xx_exti.o
 .text          0x00000000        0x0 ..\obj\misc.o
 .data          0x00000000        0x0 ..\obj\misc.o
 .bss           0x00000000        0x0 ..\obj\misc.o
 .text.NVIC_SetVectorTable
                0x00000000       0x2c ..\obj\misc.o
 .text.NVIC_SystemLPConfig
                0x00000000       0x44 ..\obj\misc.o
 .text.SysTick_CLKSourceConfig
                0x00000000       0x38 ..\obj\misc.o
 .text          0x00000000        0x0 ..\obj\arm_max_f32.o
 .data          0x00000000        0x0 ..\obj\arm_max_f32.o
 .bss           0x00000000        0x0 ..\obj\arm_max_f32.o
 .text          0x00000000        0x0 ..\obj\arm_cfft_radix4_init_f32.o
 .data          0x00000000        0x0 ..\obj\arm_cfft_radix4_init_f32.o
 .bss           0x00000000        0x0 ..\obj\arm_cfft_radix4_init_f32.o
 .text          0x00000000        0x0 ..\..\..\libpdmfilter_gcc.a(pdm_filter.o)
 .data          0x00000000        0x0 ..\..\..\libpdmfilter_gcc.a(pdm_filter.o)
 .bss           0x00000000        0x0 ..\..\..\libpdmfilter_gcc.a(pdm_filter.o)
 .text.PDM_Filter_80_LSB
                0x00000000      0x2e4 ..\..\..\libpdmfilter_gcc.a(pdm_filter.o)
 .text.PDM_Filter_64_MSB
                0x00000000      0x2e4 ..\..\..\libpdmfilter_gcc.a(pdm_filter.o)
 .text.PDM_Filter_80_MSB
                0x00000000      0x330 ..\..\..\libpdmfilter_gcc.a(pdm_filter.o)
 .text          0x00000000        0x0 d:/programy/7 2017-q4-major/bin/../lib/gcc/arm-none-eabi/7.2.1/../../../../arm-none-eabi/lib/thumb/v7e-m/fpv4-sp/softfp\libm.a(lib_a-wf_sqrt.o)
 .data          0x00000000        0x0 d:/programy/7 2017-q4-major/bin/../lib/gcc/arm-none-eabi/7.2.1/../../../../arm-none-eabi/lib/thumb/v7e-m/fpv4-sp/softfp\libm.a(lib_a-wf_sqrt.o)
 .bss           0x00000000        0x0 d:/programy/7 2017-q4-major/bin/../lib/gcc/arm-none-eabi/7.2.1/../../../../arm-none-eabi/lib/thumb/v7e-m/fpv4-sp/softfp\libm.a(lib_a-wf_sqrt.o)
 .text          0x00000000        0x0 d:/programy/7 2017-q4-major/bin/../lib/gcc/arm-none-eabi/7.2.1/../../../../arm-none-eabi/lib/thumb/v7e-m/fpv4-sp/softfp\libm.a(lib_a-ef_sqrt.o)
 .data          0x00000000        0x0 d:/programy/7 2017-q4-major/bin/../lib/gcc/arm-none-eabi/7.2.1/../../../../arm-none-eabi/lib/thumb/v7e-m/fpv4-sp/softfp\libm.a(lib_a-ef_sqrt.o)
 .bss           0x00000000        0x0 d:/programy/7 2017-q4-major/bin/../lib/gcc/arm-none-eabi/7.2.1/../../../../arm-none-eabi/lib/thumb/v7e-m/fpv4-sp/softfp\libm.a(lib_a-ef_sqrt.o)
 .text          0x00000000        0x0 d:/programy/7 2017-q4-major/bin/../lib/gcc/arm-none-eabi/7.2.1/../../../../arm-none-eabi/lib/thumb/v7e-m/fpv4-sp/softfp\libm.a(lib_a-s_lib_ver.o)
 .data          0x00000000        0x0 d:/programy/7 2017-q4-major/bin/../lib/gcc/arm-none-eabi/7.2.1/../../../../arm-none-eabi/lib/thumb/v7e-m/fpv4-sp/softfp\libm.a(lib_a-s_lib_ver.o)
 .bss           0x00000000        0x0 d:/programy/7 2017-q4-major/bin/../lib/gcc/arm-none-eabi/7.2.1/../../../../arm-none-eabi/lib/thumb/v7e-m/fpv4-sp/softfp\libm.a(lib_a-s_lib_ver.o)
 .text          0x00000000        0x0 d:/programy/7 2017-q4-major/bin/../lib/gcc/arm-none-eabi/7.2.1/../../../../arm-none-eabi/lib/thumb/v7e-m/fpv4-sp/softfp\libm.a(lib_a-s_matherr.o)
 .data          0x00000000        0x0 d:/programy/7 2017-q4-major/bin/../lib/gcc/arm-none-eabi/7.2.1/../../../../arm-none-eabi/lib/thumb/v7e-m/fpv4-sp/softfp\libm.a(lib_a-s_matherr.o)
 .bss           0x00000000        0x0 d:/programy/7 2017-q4-major/bin/../lib/gcc/arm-none-eabi/7.2.1/../../../../arm-none-eabi/lib/thumb/v7e-m/fpv4-sp/softfp\libm.a(lib_a-s_matherr.o)
 .data          0x00000000        0x0 d:/programy/7 2017-q4-major/bin/../lib/gcc/arm-none-eabi/7.2.1/thumb/v7e-m/fpv4-sp/softfp\libgcc.a(_arm_addsubdf3.o)
 .bss           0x00000000        0x0 d:/programy/7 2017-q4-major/bin/../lib/gcc/arm-none-eabi/7.2.1/thumb/v7e-m/fpv4-sp/softfp\libgcc.a(_arm_addsubdf3.o)
 .data          0x00000000        0x0 d:/programy/7 2017-q4-major/bin/../lib/gcc/arm-none-eabi/7.2.1/thumb/v7e-m/fpv4-sp/softfp\libgcc.a(_arm_muldivdf3.o)
 .bss           0x00000000        0x0 d:/programy/7 2017-q4-major/bin/../lib/gcc/arm-none-eabi/7.2.1/thumb/v7e-m/fpv4-sp/softfp\libgcc.a(_arm_muldivdf3.o)
 .data          0x00000000        0x0 d:/programy/7 2017-q4-major/bin/../lib/gcc/arm-none-eabi/7.2.1/thumb/v7e-m/fpv4-sp/softfp\libgcc.a(_arm_fixunsdfsi.o)
 .bss           0x00000000        0x0 d:/programy/7 2017-q4-major/bin/../lib/gcc/arm-none-eabi/7.2.1/thumb/v7e-m/fpv4-sp/softfp\libgcc.a(_arm_fixunsdfsi.o)
 .data          0x00000000        0x0 d:/programy/7 2017-q4-major/bin/../lib/gcc/arm-none-eabi/7.2.1/thumb/v7e-m/fpv4-sp/softfp\libgcc.a(_arm_truncdfsf2.o)
 .bss           0x00000000        0x0 d:/programy/7 2017-q4-major/bin/../lib/gcc/arm-none-eabi/7.2.1/thumb/v7e-m/fpv4-sp/softfp\libgcc.a(_arm_truncdfsf2.o)
 .data          0x00000000        0x0 d:/programy/7 2017-q4-major/bin/../lib/gcc/arm-none-eabi/7.2.1/thumb/v7e-m/fpv4-sp/softfp\libgcc.a(_arm_muldivsf3.o)
 .bss           0x00000000        0x0 d:/programy/7 2017-q4-major/bin/../lib/gcc/arm-none-eabi/7.2.1/thumb/v7e-m/fpv4-sp/softfp\libgcc.a(_arm_muldivsf3.o)
 .data          0x00000000        0x0 d:/programy/7 2017-q4-major/bin/../lib/gcc/arm-none-eabi/7.2.1/thumb/v7e-m/fpv4-sp/softfp\libgcc.a(_arm_cmpsf2.o)
 .bss           0x00000000        0x0 d:/programy/7 2017-q4-major/bin/../lib/gcc/arm-none-eabi/7.2.1/thumb/v7e-m/fpv4-sp/softfp\libgcc.a(_arm_cmpsf2.o)
 .text          0x00000000        0x0 d:/programy/7 2017-q4-major/bin/../lib/gcc/arm-none-eabi/7.2.1/../../../../arm-none-eabi/lib/thumb/v7e-m/fpv4-sp/softfp\libc.a(lib_a-errno.o)
 .data          0x00000000        0x0 d:/programy/7 2017-q4-major/bin/../lib/gcc/arm-none-eabi/7.2.1/../../../../arm-none-eabi/lib/thumb/v7e-m/fpv4-sp/softfp\libc.a(lib_a-errno.o)
 .bss           0x00000000        0x0 d:/programy/7 2017-q4-major/bin/../lib/gcc/arm-none-eabi/7.2.1/../../../../arm-none-eabi/lib/thumb/v7e-m/fpv4-sp/softfp\libc.a(lib_a-errno.o)
 .text          0x00000000        0x0 d:/programy/7 2017-q4-major/bin/../lib/gcc/arm-none-eabi/7.2.1/../../../../arm-none-eabi/lib/thumb/v7e-m/fpv4-sp/softfp\libc.a(lib_a-impure.o)
 .data          0x00000000        0x0 d:/programy/7 2017-q4-major/bin/../lib/gcc/arm-none-eabi/7.2.1/../../../../arm-none-eabi/lib/thumb/v7e-m/fpv4-sp/softfp\libc.a(lib_a-impure.o)
 .bss           0x00000000        0x0 d:/programy/7 2017-q4-major/bin/../lib/gcc/arm-none-eabi/7.2.1/../../../../arm-none-eabi/lib/thumb/v7e-m/fpv4-sp/softfp\libc.a(lib_a-impure.o)
 .rodata._global_impure_ptr
                0x00000000        0x4 d:/programy/7 2017-q4-major/bin/../lib/gcc/arm-none-eabi/7.2.1/../../../../arm-none-eabi/lib/thumb/v7e-m/fpv4-sp/softfp\libc.a(lib_a-impure.o)

Memory Configuration

Name             Origin             Length             Attributes
rom              0x08000000         0x00100000         xr
ram              0x20000000         0x00020000         xrw
ram1             0x10000000         0x00010000         xrw
*default*        0x00000000         0xffffffff

Linker script and memory map

                0x20020000                _eram = 0x20020000

.text           0x08000000     0xa1cc
 *(.isr_vector)
 .isr_vector    0x08000000      0x188 ..\obj\startup_stm32f4xx.o
                0x08000000                g_pfnVectors
 *(.text*)
 .text.arm_radix4_butterfly_f32
                0x08000188      0x906 ..\obj\arm_cfft_radix4_f32.o
                0x08000188                arm_radix4_butterfly_f32
 .text.arm_radix4_butterfly_inverse_f32
                0x08000a8e      0x95e ..\obj\arm_cfft_radix4_f32.o
                0x08000a8e                arm_radix4_butterfly_inverse_f32
 .text.arm_bitreversal_f32
                0x080013ec      0x1ba ..\obj\arm_cfft_radix4_f32.o
                0x080013ec                arm_bitreversal_f32
 .text.arm_rfft_f32
                0x080015a6       0xc8 ..\obj\arm_rfft_f32.o
                0x080015a6                arm_rfft_f32
 .text.arm_split_rfft_f32
                0x0800166e      0x1f2 ..\obj\arm_rfft_f32.o
                0x0800166e                arm_split_rfft_f32
 .text.arm_split_rifft_f32
                0x08001860      0x146 ..\obj\arm_rfft_f32.o
                0x08001860                arm_split_rifft_f32
 *fill*         0x080019a6        0x2 
 .text.Default_Reset_Handler
                0x080019a8       0x70 ..\obj\startup_stm32f4xx.o
                0x080019a8                Default_Reset_Handler
                0x080019a8                Reset_Handler
 .text.Default_Handler
                0x08001a18        0x6 ..\obj\startup_stm32f4xx.o
                0x08001a18                RTC_Alarm_IRQHandler
                0x08001a18                HASH_RNG_IRQHandler
                0x08001a18                EXTI2_IRQHandler
                0x08001a18                TIM8_CC_IRQHandler
                0x08001a18                TIM1_CC_IRQHandler
                0x08001a18                DMA2_Stream5_IRQHandler
                0x08001a18                DMA1_Stream5_IRQHandler
                0x08001a18                PVD_IRQHandler
                0x08001a18                SDIO_IRQHandler
                0x08001a18                TAMP_STAMP_IRQHandler
                0x08001a18                CAN2_RX1_IRQHandler
                0x08001a18                EXTI3_IRQHandler
                0x08001a18                TIM8_TRG_COM_TIM14_IRQHandler
                0x08001a18                TIM1_UP_TIM10_IRQHandler
                0x08001a18                TIM8_UP_TIM13_IRQHandler
                0x08001a18                I2C3_ER_IRQHandler
                0x08001a18                EXTI0_IRQHandler
                0x08001a18                I2C2_EV_IRQHandler
                0x08001a18                DMA1_Stream2_IRQHandler
                0x08001a18                CAN1_RX0_IRQHandler
                0x08001a18                FPU_IRQHandler
                0x08001a18                OTG_HS_WKUP_IRQHandler
                0x08001a18                CAN2_SCE_IRQHandler
                0x08001a18                DMA2_Stream2_IRQHandler
                0x08001a18                SPI1_IRQHandler
                0x08001a18                TIM6_DAC_IRQHandler
                0x08001a18                TIM1_BRK_TIM9_IRQHandler
                0x08001a18                DCMI_IRQHandler
                0x08001a18                CAN2_RX0_IRQHandler
                0x08001a18                DMA2_Stream3_IRQHandler
                0x08001a18                USART6_IRQHandler
                0x08001a18                USART3_IRQHandler
                0x08001a18                CRYP_IRQHandler
                0x08001a18                CAN1_RX1_IRQHandler
                0x08001a18                UART5_IRQHandler
                0x08001a18                DMA2_Stream0_IRQHandler
                0x08001a18                TIM4_IRQHandler
                0x08001a18                I2C1_EV_IRQHandler
                0x08001a18                DMA1_Stream6_IRQHandler
                0x08001a18                DMA1_Stream1_IRQHandler
                0x08001a18                UART4_IRQHandler
                0x08001a18                TIM3_IRQHandler
                0x08001a18                RCC_IRQHandler
                0x08001a18                TIM8_BRK_TIM12_IRQHandler
                0x08001a18                EXTI15_10_IRQHandler
                0x08001a18                ADC_IRQHandler
                0x08001a18                DMA1_Stream7_IRQHandler
                0x08001a18                TIM7_IRQHandler
                0x08001a18                CAN2_TX_IRQHandler
                0x08001a18                TIM5_IRQHandler
                0x08001a18                DMA2_Stream7_IRQHandler
                0x08001a18                I2C3_EV_IRQHandler
                0x08001a18                EXTI9_5_IRQHandler
                0x08001a18                RTC_WKUP_IRQHandler
                0x08001a18                ETH_WKUP_IRQHandler
                0x08001a18                OTG_HS_EP1_IN_IRQHandler
                0x08001a18                DMA1_Stream0_IRQHandler
                0x08001a18                CAN1_TX_IRQHandler
                0x08001a18                EXTI4_IRQHandler
                0x08001a18                FSMC_IRQHandler
                0x08001a18                ETH_IRQHandler
                0x08001a18                OTG_HS_EP1_OUT_IRQHandler
                0x08001a18                WWDG_IRQHandler
                0x08001a18                TIM2_IRQHandler
                0x08001a18                OTG_FS_WKUP_IRQHandler
                0x08001a18                TIM1_TRG_COM_TIM11_IRQHandler
                0x08001a18                OTG_HS_IRQHandler
                0x08001a18                EXTI1_IRQHandler
                0x08001a18                USART2_IRQHandler
                0x08001a18                I2C2_ER_IRQHandler
                0x08001a18                DMA2_Stream1_IRQHandler
                0x08001a18                CAN1_SCE_IRQHandler
                0x08001a18                FLASH_IRQHandler
                0x08001a18                DMA2_Stream4_IRQHandler
                0x08001a18                USART1_IRQHandler
                0x08001a18                OTG_FS_IRQHandler
                0x08001a18                SPI3_IRQHandler
                0x08001a18                DMA1_Stream4_IRQHandler
                0x08001a18                I2C1_ER_IRQHandler
                0x08001a18                DMA2_Stream6_IRQHandler
                0x08001a18                DMA1_Stream3_IRQHandler
 *fill*         0x08001a1e        0x2 
 .text.compare  0x08001a20       0xb8 ..\obj\main.o
                0x08001a20                compare
 .text.main     0x08001ad8      0x37c ..\obj\main.o
                0x08001ad8                main
 .text.GPIO_Configure
                0x08001e54       0xc0 ..\obj\main.o
 .text.I2S_Configure
                0x08001f14       0x48 ..\obj\main.o
 .text.NVIC_Configure
                0x08001f5c       0x2e ..\obj\main.o
 .text.RCC_Configure
                0x08001f8a       0x22 ..\obj\main.o
 .text.RCC_PLLI2SCmd
                0x08001fac       0x20 ..\obj\stm32f4xx_rcc.o
                0x08001fac                RCC_PLLI2SCmd
 .text.RCC_AHB1PeriphClockCmd
                0x08001fcc       0x40 ..\obj\stm32f4xx_rcc.o
                0x08001fcc                RCC_AHB1PeriphClockCmd
 .text.RCC_APB1PeriphClockCmd
                0x0800200c       0x40 ..\obj\stm32f4xx_rcc.o
                0x0800200c                RCC_APB1PeriphClockCmd
 .text.RCC_APB1PeriphResetCmd
                0x0800204c       0x40 ..\obj\stm32f4xx_rcc.o
                0x0800204c                RCC_APB1PeriphResetCmd
 .text.RCC_APB2PeriphResetCmd
                0x0800208c       0x40 ..\obj\stm32f4xx_rcc.o
                0x0800208c                RCC_APB2PeriphResetCmd
 .text.arm_rfft_init_f32
                0x080020cc       0xbc ..\obj\arm_rfft_init_f32.o
                0x080020cc                arm_rfft_init_f32
 .text.NMI_Handler
                0x08002188        0xe ..\obj\stm32f4xx_it.o
                0x08002188                NMI_Handler
 .text.HardFault_Handler
                0x08002196        0x6 ..\obj\stm32f4xx_it.o
                0x08002196                HardFault_Handler
 .text.MemManage_Handler
                0x0800219c        0x6 ..\obj\stm32f4xx_it.o
                0x0800219c                MemManage_Handler
 .text.BusFault_Handler
                0x080021a2        0x6 ..\obj\stm32f4xx_it.o
                0x080021a2                BusFault_Handler
 .text.UsageFault_Handler
                0x080021a8        0x6 ..\obj\stm32f4xx_it.o
                0x080021a8                UsageFault_Handler
 .text.SVC_Handler
                0x080021ae        0xe ..\obj\stm32f4xx_it.o
                0x080021ae                SVC_Handler
 .text.DebugMon_Handler
                0x080021bc        0xe ..\obj\stm32f4xx_it.o
                0x080021bc                DebugMon_Handler
 .text.PendSV_Handler
                0x080021ca        0xe ..\obj\stm32f4xx_it.o
                0x080021ca                PendSV_Handler
 .text.SysTick_Handler
                0x080021d8        0xe ..\obj\stm32f4xx_it.o
                0x080021d8                SysTick_Handler
 *fill*         0x080021e6        0x2 
 .text.SPI2_IRQHandler
                0x080021e8       0x98 ..\obj\stm32f4xx_it.o
                0x080021e8                SPI2_IRQHandler
 .text.arm_sqrt_f32
                0x08002280       0x3e ..\obj\arm_cmplx_mag_f32.o
 .text.arm_cmplx_mag_f32
                0x080022be      0x180 ..\obj\arm_cmplx_mag_f32.o
                0x080022be                arm_cmplx_mag_f32
 .text.GPIO_Init
                0x0800243e      0x11c ..\obj\stm32f4xx_gpio.o
                0x0800243e                GPIO_Init
 .text.GPIO_ReadInputDataBit
                0x0800255a       0x34 ..\obj\stm32f4xx_gpio.o
                0x0800255a                GPIO_ReadInputDataBit
 .text.GPIO_WriteBit
                0x0800258e       0x30 ..\obj\stm32f4xx_gpio.o
                0x0800258e                GPIO_WriteBit
 .text.GPIO_PinAFConfig
                0x080025be       0x92 ..\obj\stm32f4xx_gpio.o
                0x080025be                GPIO_PinAFConfig
 .text.SystemInit
                0x08002650       0x6c ..\obj\system_stm32f4xx.o
                0x08002650                SystemInit
 .text.SetSysClock
                0x080026bc      0x128 ..\obj\system_stm32f4xx.o
 .text.SPI_I2S_DeInit
                0x080027e4       0x74 ..\obj\stm32f4xx_spi.o
                0x080027e4                SPI_I2S_DeInit
 .text.I2S_Init
                0x08002858      0x1ac ..\obj\stm32f4xx_spi.o
                0x08002858                I2S_Init
 .text.I2S_Cmd  0x08002a04       0x40 ..\obj\stm32f4xx_spi.o
                0x08002a04                I2S_Cmd
 .text.SPI_I2S_ReceiveData
                0x08002a44       0x1a ..\obj\stm32f4xx_spi.o
                0x08002a44                SPI_I2S_ReceiveData
 .text.SPI_I2S_ITConfig
                0x08002a5e       0x62 ..\obj\stm32f4xx_spi.o
                0x08002a5e                SPI_I2S_ITConfig
 .text.SPI_I2S_GetITStatus
                0x08002ac0       0x76 ..\obj\stm32f4xx_spi.o
                0x08002ac0                SPI_I2S_GetITStatus
 *fill*         0x08002b36        0x2 
 .text.NVIC_PriorityGroupConfig
                0x08002b38       0x28 ..\obj\misc.o
                0x08002b38                NVIC_PriorityGroupConfig
 .text.NVIC_Init
                0x08002b60       0xc4 ..\obj\misc.o
                0x08002b60                NVIC_Init
 .text.arm_max_f32
                0x08002c24       0x6e ..\obj\arm_max_f32.o
                0x08002c24                arm_max_f32
 *fill*         0x08002c92        0x2 
 .text.arm_cfft_radix4_init_f32
                0x08002c94       0xf0 ..\obj\arm_cfft_radix4_init_f32.o
                0x08002c94                arm_cfft_radix4_init_f32
 *fill*         0x08002d84        0x4 
 .text.PDM_Filter_Init
                0x08002d88      0x108 ..\..\..\libpdmfilter_gcc.a(pdm_filter.o)
                0x08002d88                PDM_Filter_Init
 .text.PDM_Filter_64_LSB
                0x08002e90      0x2e4 ..\..\..\libpdmfilter_gcc.a(pdm_filter.o)
                0x08002e90                PDM_Filter_64_LSB
 .text.sqrtf    0x08003174       0xa8 d:/programy/7 2017-q4-major/bin/../lib/gcc/arm-none-eabi/7.2.1/../../../../arm-none-eabi/lib/thumb/v7e-m/fpv4-sp/softfp\libm.a(lib_a-wf_sqrt.o)
                0x08003174                sqrtf
 .text.__ieee754_sqrtf
                0x0800321c       0x10 d:/programy/7 2017-q4-major/bin/../lib/gcc/arm-none-eabi/7.2.1/../../../../arm-none-eabi/lib/thumb/v7e-m/fpv4-sp/softfp\libm.a(lib_a-ef_sqrt.o)
                0x0800321c                __ieee754_sqrtf
 .text.matherr  0x0800322c        0x4 d:/programy/7 2017-q4-major/bin/../lib/gcc/arm-none-eabi/7.2.1/../../../../arm-none-eabi/lib/thumb/v7e-m/fpv4-sp/softfp\libm.a(lib_a-s_matherr.o)
                0x0800322c                matherr
 .text          0x08003230      0x378 d:/programy/7 2017-q4-major/bin/../lib/gcc/arm-none-eabi/7.2.1/thumb/v7e-m/fpv4-sp/softfp\libgcc.a(_arm_addsubdf3.o)
                0x08003230                __aeabi_drsub
                0x08003238                __aeabi_dsub
                0x08003238                __subdf3
                0x0800323c                __aeabi_dadd
                0x0800323c                __adddf3
                0x080034b4                __floatunsidf
                0x080034b4                __aeabi_ui2d
                0x080034d4                __floatsidf
                0x080034d4                __aeabi_i2d
                0x080034f8                __aeabi_f2d
                0x080034f8                __extendsfdf2
                0x0800353c                __floatundidf
                0x0800353c                __aeabi_ul2d
                0x0800354c                __floatdidf
                0x0800354c                __aeabi_l2d
 .text          0x080035a8      0x424 d:/programy/7 2017-q4-major/bin/../lib/gcc/arm-none-eabi/7.2.1/thumb/v7e-m/fpv4-sp/softfp\libgcc.a(_arm_muldivdf3.o)
                0x080035a8                __aeabi_dmul
                0x080035a8                __muldf3
                0x080037fc                __divdf3
                0x080037fc                __aeabi_ddiv
 .text          0x080039cc       0x40 d:/programy/7 2017-q4-major/bin/../lib/gcc/arm-none-eabi/7.2.1/thumb/v7e-m/fpv4-sp/softfp\libgcc.a(_arm_fixunsdfsi.o)
                0x080039cc                __aeabi_d2uiz
                0x080039cc                __fixunsdfsi
 .text          0x08003a0c       0xa0 d:/programy/7 2017-q4-major/bin/../lib/gcc/arm-none-eabi/7.2.1/thumb/v7e-m/fpv4-sp/softfp\libgcc.a(_arm_truncdfsf2.o)
                0x08003a0c                __truncdfsf2
                0x08003a0c                __aeabi_d2f
 .text          0x08003aac      0x2a0 d:/programy/7 2017-q4-major/bin/../lib/gcc/arm-none-eabi/7.2.1/thumb/v7e-m/fpv4-sp/softfp\libgcc.a(_arm_muldivsf3.o)
                0x08003aac                __mulsf3
                0x08003aac                __aeabi_fmul
                0x08003c14                __aeabi_fdiv
                0x08003c14                __divsf3
 .text          0x08003d4c       0xec d:/programy/7 2017-q4-major/bin/../lib/gcc/arm-none-eabi/7.2.1/thumb/v7e-m/fpv4-sp/softfp\libgcc.a(_arm_cmpsf2.o)
                0x08003d4c                __gesf2
                0x08003d4c                __gtsf2
                0x08003d54                __lesf2
                0x08003d54                __ltsf2
                0x08003d5c                __nesf2
                0x08003d5c                __eqsf2
                0x08003d5c                __cmpsf2
                0x08003dbc                __aeabi_cfrcmple
                0x08003dc4                __aeabi_cfcmpeq
                0x08003dc4                __aeabi_cfcmple
                0x08003dd4                __aeabi_fcmpeq
                0x08003de8                __aeabi_fcmplt
                0x08003dfc                __aeabi_fcmple
                0x08003e10                __aeabi_fcmpge
                0x08003e24                __aeabi_fcmpgt
 .text.__errno  0x08003e38        0xc d:/programy/7 2017-q4-major/bin/../lib/gcc/arm-none-eabi/7.2.1/../../../../arm-none-eabi/lib/thumb/v7e-m/fpv4-sp/softfp\libc.a(lib_a-errno.o)
                0x08003e38                __errno
 *(.init)
 *(.fini)
 *crtbegin.o(.ctors)
 *crtbegin?.o(.ctors)
 *(EXCLUDE_FILE(*crtend.o *crtend?.o) .ctors)
 *(SORT_BY_NAME(.ctors.*))
 *(.ctors)
 *crtbegin.o(.dtors)
 *crtbegin?.o(.dtors)
 *(EXCLUDE_FILE(*crtend.o *crtend?.o) .dtors)
 *(SORT_BY_NAME(.dtors.*))
 *(.dtors)
 *(.rodata*)
 .rodata        0x08003e44      0x380 ..\obj\arm_common_tables.o
                0x08003e44                armBitRevTable
                0x08004044                armRecipTableQ15
                0x080040c4                armRecipTableQ31
 .rodata        0x080041c4     0x4000 ..\obj\arm_rfft_init_f32.o
 .rodata        0x080081c4     0x2000 ..\obj\arm_cfft_radix4_init_f32.o
 .rodata.sqrtf.str1.4
                0x0800a1c4        0x8 d:/programy/7 2017-q4-major/bin/../lib/gcc/arm-none-eabi/7.2.1/../../../../arm-none-eabi/lib/thumb/v7e-m/fpv4-sp/softfp\libm.a(lib_a-wf_sqrt.o)
                                  0x6 (size before relaxing)
 *(.eh_fram e*)

.glue_7         0x0800a1cc        0x0
 .glue_7        0x0800a1cc        0x0 linker stubs

.glue_7t        0x0800a1cc        0x0
 .glue_7t       0x0800a1cc        0x0 linker stubs

.vfp11_veneer   0x0800a1cc        0x0
 .vfp11_veneer  0x0800a1cc        0x0 linker stubs

.v4_bx          0x0800a1cc        0x0
 .v4_bx         0x0800a1cc        0x0 linker stubs

.iplt           0x0800a1cc        0x0
 .iplt          0x0800a1cc        0x0 ..\obj\arm_cfft_radix4_f32.o

.rel.dyn        0x0800a1cc        0x0
 .rel.iplt      0x0800a1cc        0x0 ..\obj\arm_cfft_radix4_f32.o

.ARM.extab
 *(.ARM.extab* .gnu.linkonce.armextab.*)
                0x0800a1cc                __exidx_start = .

.ARM.exidx
 *(.ARM.exidx* .gnu.linkonce.armexidx.*)
                0x0800a1cc                __exidx_end = .
                0x0800a1cc                __etext = .
                0x0800a1cc                _sidata = __etext

.data           0x20000000      0x730 load address 0x0800a1cc
                0x20000000                __data_start__ = .
                0x20000000                _sdata = __data_start__
 *(vtable)
 *(.data*)
 .data          0x20000000        0x1 ..\obj\main.o
                0x20000000                mode
 .data.T0       0x20000001      0x100 ..\..\..\libpdmfilter_gcc.a(pdm_filter.o)
                0x20000001                T0
 .data.T1       0x20000101      0x100 ..\..\..\libpdmfilter_gcc.a(pdm_filter.o)
                0x20000101                T1
 .data.T2       0x20000201      0x100 ..\..\..\libpdmfilter_gcc.a(pdm_filter.o)
                0x20000201                T2
 .data.__fdlib_version
                0x20000301        0x1 d:/programy/7 2017-q4-major/bin/../lib/gcc/arm-none-eabi/7.2.1/../../../../arm-none-eabi/lib/thumb/v7e-m/fpv4-sp/softfp\libm.a(lib_a-s_lib_ver.o)
                0x20000301                __fdlib_version
 *fill*         0x20000302        0x2 
 .data._impure_ptr
                0x20000304        0x4 d:/programy/7 2017-q4-major/bin/../lib/gcc/arm-none-eabi/7.2.1/../../../../arm-none-eabi/lib/thumb/v7e-m/fpv4-sp/softfp\libc.a(lib_a-impure.o)
                0x20000304                _impure_ptr
 .data.impure_data
                0x20000308      0x428 d:/programy/7 2017-q4-major/bin/../lib/gcc/arm-none-eabi/7.2.1/../../../../arm-none-eabi/lib/thumb/v7e-m/fpv4-sp/softfp\libc.a(lib_a-impure.o)
                0x20000730                . = ALIGN (0x4)
                [!provide]                PROVIDE (__preinit_array_start, .)
 *(.preinit_array)
                [!provide]                PROVIDE (__preinit_array_end, .)
                0x20000730                . = ALIGN (0x4)
                [!provide]                PROVIDE (__init_array_start, .)
 *(SORT_BY_NAME(.init_array.*))
 *(.init_array)
                [!provide]                PROVIDE (__init_array_end, .)
                0x20000730                . = ALIGN (0x4)
                [!provide]                PROVIDE (__fini_array_start, .)
 *(SORT_BY_NAME(.fini_array.*))
 *(.fini_array)
                [!provide]                PROVIDE (__fini_array_end, .)
 *(.jcr*)
                0x20000730                . = ALIGN (0x4)
                0x20000730                __data_end__ = .
                0x20000730                _edata = __data_end__

.igot.plt       0x20000730        0x0 load address 0x0800a8fc
 .igot.plt      0x20000730        0x0 ..\obj\arm_cfft_radix4_f32.o

.bss            0x20000730     0xc0c8 load address 0x0800a8fc
                0x20000730                . = ALIGN (0x4)
                0x20000730                __bss_start__ = .
                0x20000730                _sbss = __bss_start__
 *(.bss*)
 .bss           0x20000730        0x4 ..\obj\main.o
                0x20000730                peak
 .bss           0x20000734        0x8 ..\obj\stm32f4xx_it.o
                0x20000734                InternalBufferSize
                0x20000738                Data_Status
 .bss.stm32_crc
                0x2000073c        0x4 ..\..\..\libpdmfilter_gcc.a(pdm_filter.o)
                0x2000073c                stm32_crc
 *(COMMON)
 COMMON         0x20000740     0xc0b8 ..\obj\main.o
                0x20000740                PDM_Input_Buffer
                0x20000780                buffer_output_mag
                0x20004780                S
                0x20004798                buffer_output
                0x20008798                Filter
                0x200087cc                maxvalue
                0x200087d0                buffer_input
                0x2000c7d0                S_CFFT
                0x2000c7e4                PCM_Output_Buffer
                0x2000c7f4                maxvalueindex
                0x2000c7f8                . = ALIGN (0x4)
                0x2000c7f8                __bss_end__ = .
                0x2000c7f8                _ebss = __bss_end__

.heap           0x2000c7f8        0x0
                0x2000c7f8                __end__ = .
                0x2000c7f8                _end = __end__
                0x2000c7f8                end = __end__
 *(.heap*)
                0x2000c7f8                __HeapLimit = .

.co_stack       0x2000c7f8      0x800 load address 0x080169c4
                0x2000c7f8                . = ALIGN (0x8)
 *(.co_stack .co_stack.*)
 .co_stack      0x2000c7f8      0x800 ..\obj\startup_stm32f4xx.o
                0x2000c7f8                pulStack
                0x20020000                __StackTop = (ORIGIN (ram) + LENGTH (ram))
                0x2001f800                __StackLimit = (__StackTop - SIZEOF (.co_stack))
                [!provide]                PROVIDE (__stack, __StackTop)
                0x00000001                ASSERT ((__StackLimit >= __HeapLimit), region ram  overflowed with stack)
LOAD ..\obj\stm32f4xx_syscfg.o
LOAD ..\obj\arm_cfft_radix4_f32.o
LOAD ..\obj\arm_common_tables.o
LOAD ..\obj\arm_rfft_f32.o
LOAD ..\obj\startup_stm32f4xx.o
LOAD ..\obj\stm32f4xx_crc.o
LOAD ..\obj\main.o
LOAD ..\obj\stm32f4xx_rcc.o
LOAD ..\obj\arm_rfft_init_f32.o
LOAD ..\obj\stm32f4xx_it.o
LOAD ..\obj\arm_cmplx_mag_f32.o
LOAD ..\obj\arm_cmplx_mag_squared_f32.o
LOAD ..\obj\stm32f4xx_fsmc.o
LOAD ..\obj\stm32f4xx_gpio.o
LOAD ..\obj\system_stm32f4xx.o
LOAD ..\obj\syscalls.o
LOAD ..\obj\stm32f4xx_spi.o
LOAD ..\obj\stm32f4xx_exti.o
LOAD ..\obj\misc.o
LOAD ..\obj\arm_max_f32.o
LOAD ..\obj\arm_cfft_radix4_init_f32.o
LOAD ..\..\..\libpdmfilter_gcc.a
LOAD d:/programy/7 2017-q4-major/bin/../lib/gcc/arm-none-eabi/7.2.1/../../../../arm-none-eabi/lib/thumb/v7e-m/fpv4-sp/softfp\libm.a
LOAD d:/programy/7 2017-q4-major/bin/../lib/gcc/arm-none-eabi/7.2.1/thumb/v7e-m/fpv4-sp/softfp\libgcc.a
LOAD d:/programy/7 2017-q4-major/bin/../lib/gcc/arm-none-eabi/7.2.1/../../../../arm-none-eabi/lib/thumb/v7e-m/fpv4-sp/softfp\libc.a
START GROUP
LOAD d:/programy/7 2017-q4-major/bin/../lib/gcc/arm-none-eabi/7.2.1/thumb/v7e-m/fpv4-sp/softfp\libgcc.a
LOAD d:/programy/7 2017-q4-major/bin/../lib/gcc/arm-none-eabi/7.2.1/../../../../arm-none-eabi/lib/thumb/v7e-m/fpv4-sp/softfp\libg.a
LOAD d:/programy/7 2017-q4-major/bin/../lib/gcc/arm-none-eabi/7.2.1/../../../../arm-none-eabi/lib/thumb/v7e-m/fpv4-sp/softfp\libc.a
END GROUP
OUTPUT(DevKit407_AudioSpectrumAnalyzer.elf elf32-littlearm)

.debug_info     0x00000000     0x8dde
 .debug_info    0x00000000      0xdcb ..\obj\arm_cfft_radix4_f32.o
 .debug_info    0x00000dcb      0x9ad ..\obj\arm_common_tables.o
 .debug_info    0x00001778      0xca2 ..\obj\arm_rfft_f32.o
 .debug_info    0x0000241a      0x113 ..\obj\startup_stm32f4xx.o
 .debug_info    0x0000252d     0x1278 ..\obj\main.o
 .debug_info    0x000037a5      0xc6e ..\obj\stm32f4xx_rcc.o
 .debug_info    0x00004413      0xb2e ..\obj\arm_rfft_init_f32.o
 .debug_info    0x00004f41      0x3a7 ..\obj\stm32f4xx_it.o
 .debug_info    0x000052e8      0x9e5 ..\obj\arm_cmplx_mag_f32.o
 .debug_info    0x00005ccd      0x624 ..\obj\stm32f4xx_gpio.o
 .debug_info    0x000062f1      0x5ca ..\obj\system_stm32f4xx.o
 .debug_info    0x000068bb      0xb15 ..\obj\stm32f4xx_spi.o
 .debug_info    0x000073d0      0x547 ..\obj\misc.o
 .debug_info    0x00007917      0x98e ..\obj\arm_max_f32.o
 .debug_info    0x000082a5      0xb39 ..\obj\arm_cfft_radix4_init_f32.o

.debug_abbrev   0x00000000     0x1b6e
 .debug_abbrev  0x00000000      0x24b ..\obj\arm_cfft_radix4_f32.o
 .debug_abbrev  0x0000024b      0x1b0 ..\obj\arm_common_tables.o
 .debug_abbrev  0x000003fb      0x24b ..\obj\arm_rfft_f32.o
 .debug_abbrev  0x00000646       0xc1 ..\obj\startup_stm32f4xx.o
 .debug_abbrev  0x00000707      0x2b9 ..\obj\main.o
 .debug_abbrev  0x000009c0      0x1fa ..\obj\stm32f4xx_rcc.o
 .debug_abbrev  0x00000bba      0x213 ..\obj\arm_rfft_init_f32.o
 .debug_abbrev  0x00000dcd      0x16b ..\obj\stm32f4xx_it.o
 .debug_abbrev  0x00000f38      0x222 ..\obj\arm_cmplx_mag_f32.o
 .debug_abbrev  0x0000115a      0x1bc ..\obj\stm32f4xx_gpio.o
 .debug_abbrev  0x00001316      0x15a ..\obj\system_stm32f4xx.o
 .debug_abbrev  0x00001470      0x17c ..\obj\stm32f4xx_spi.o
 .debug_abbrev  0x000015ec      0x174 ..\obj\misc.o
 .debug_abbrev  0x00001760      0x1ea ..\obj\arm_max_f32.o
 .debug_abbrev  0x0000194a      0x224 ..\obj\arm_cfft_radix4_init_f32.o

.debug_aranges  0x00000000      0x530
 .debug_aranges
                0x00000000       0x38 ..\obj\arm_cfft_radix4_f32.o
 .debug_aranges
                0x00000038       0x18 ..\obj\arm_common_tables.o
 .debug_aranges
                0x00000050       0x30 ..\obj\arm_rfft_f32.o
 .debug_aranges
                0x00000080       0x28 ..\obj\startup_stm32f4xx.o
 .debug_aranges
                0x000000a8       0x48 ..\obj\main.o
 .debug_aranges
                0x000000f0      0x178 ..\obj\stm32f4xx_rcc.o
 .debug_aranges
                0x00000268       0x20 ..\obj\arm_rfft_init_f32.o
 .debug_aranges
                0x00000288       0x68 ..\obj\stm32f4xx_it.o
 .debug_aranges
                0x000002f0       0x28 ..\obj\arm_cmplx_mag_f32.o
 .debug_aranges
                0x00000318       0x88 ..\obj\stm32f4xx_gpio.o
 .debug_aranges
                0x000003a0       0x30 ..\obj\system_stm32f4xx.o
 .debug_aranges
                0x000003d0       0xe0 ..\obj\stm32f4xx_spi.o
 .debug_aranges
                0x000004b0       0x40 ..\obj\misc.o
 .debug_aranges
                0x000004f0       0x20 ..\obj\arm_max_f32.o
 .debug_aranges
                0x00000510       0x20 ..\obj\arm_cfft_radix4_init_f32.o

.debug_ranges   0x00000000      0x438
 .debug_ranges  0x00000000       0x28 ..\obj\arm_cfft_radix4_f32.o
 .debug_ranges  0x00000028       0x20 ..\obj\arm_rfft_f32.o
 .debug_ranges  0x00000048       0x18 ..\obj\startup_stm32f4xx.o
 .debug_ranges  0x00000060       0x38 ..\obj\main.o
 .debug_ranges  0x00000098      0x168 ..\obj\stm32f4xx_rcc.o
 .debug_ranges  0x00000200       0x10 ..\obj\arm_rfft_init_f32.o
 .debug_ranges  0x00000210       0x58 ..\obj\stm32f4xx_it.o
 .debug_ranges  0x00000268       0x18 ..\obj\arm_cmplx_mag_f32.o
 .debug_ranges  0x00000280       0x78 ..\obj\stm32f4xx_gpio.o
 .debug_ranges  0x000002f8       0x20 ..\obj\system_stm32f4xx.o
 .debug_ranges  0x00000318       0xd0 ..\obj\stm32f4xx_spi.o
 .debug_ranges  0x000003e8       0x30 ..\obj\misc.o
 .debug_ranges  0x00000418       0x10 ..\obj\arm_max_f32.o
 .debug_ranges  0x00000428       0x10 ..\obj\arm_cfft_radix4_init_f32.o

.debug_line     0x00000000     0x2b0f
 .debug_line    0x00000000      0x6cb ..\obj\arm_cfft_radix4_f32.o
 .debug_line    0x000006cb      0x1d9 ..\obj\arm_common_tables.o
 .debug_line    0x000008a4      0x25e ..\obj\arm_rfft_f32.o
 .debug_line    0x00000b02       0x9d ..\obj\startup_stm32f4xx.o
 .debug_line    0x00000b9f      0x3bd ..\obj\main.o
 .debug_line    0x00000f5c      0x58d ..\obj\stm32f4xx_rcc.o
 .debug_line    0x000014e9      0x205 ..\obj\arm_rfft_init_f32.o
 .debug_line    0x000016ee      0x23e ..\obj\stm32f4xx_it.o
 .debug_line    0x0000192c      0x230 ..\obj\arm_cmplx_mag_f32.o
 .debug_line    0x00001b5c      0x348 ..\obj\stm32f4xx_gpio.o
 .debug_line    0x00001ea4      0x1df ..\obj\system_stm32f4xx.o
 .debug_line    0x00002083      0x441 ..\obj\stm32f4xx_spi.o
 .debug_line    0x000024c4      0x228 ..\obj\misc.o
 .debug_line    0x000026ec      0x1f9 ..\obj\arm_max_f32.o
 .debug_line    0x000028e5      0x22a ..\obj\arm_cfft_radix4_init_f32.o

.debug_str      0x00000000     0x241d
 .debug_str     0x00000000      0x6ed ..\obj\arm_cfft_radix4_f32.o
                                0x76d (size before relaxing)
 .debug_str     0x000006ed       0x99 ..\obj\arm_common_tables.o
                                0x684 (size before relaxing)
 .debug_str     0x00000786      0x156 ..\obj\arm_rfft_f32.o
                                0x7ec (size before relaxing)
 .debug_str     0x000008dc       0xbd ..\obj\startup_stm32f4xx.o
                                0x1ca (size before relaxing)
 .debug_str     0x00000999      0x991 ..\obj\main.o
                               0x10be (size before relaxing)
 .debug_str     0x0000132a      0x63c ..\obj\stm32f4xx_rcc.o
                                0x8c4 (size before relaxing)
 .debug_str     0x00001966      0x10d ..\obj\arm_rfft_init_f32.o
                                0x81b (size before relaxing)
 .debug_str     0x00001a73       0xec ..\obj\stm32f4xx_it.o
                                0x3e5 (size before relaxing)
 .debug_str     0x00001b5f       0x94 ..\obj\arm_cmplx_mag_f32.o
                                0x71c (size before relaxing)
 .debug_str     0x00001bf3      0x18c ..\obj\stm32f4xx_gpio.o
                                0x517 (size before relaxing)
 .debug_str     0x00001d7f      0x103 ..\obj\system_stm32f4xx.o
                                0x40e (size before relaxing)
 .debug_str     0x00001e82      0x32d ..\obj\stm32f4xx_spi.o
                                0x6fe (size before relaxing)
 .debug_str     0x000021af      0x15c ..\obj\misc.o
                                0x442 (size before relaxing)
 .debug_str     0x0000230b       0x7e ..\obj\arm_max_f32.o
                                0x66f (size before relaxing)
 .debug_str     0x00002389       0x94 ..\obj\arm_cfft_radix4_init_f32.o
                                0x808 (size before relaxing)

.comment        0x00000000       0xdf
 .comment       0x00000000       0x7e ..\obj\arm_cfft_radix4_f32.o
                                 0x7f (size before relaxing)
 .comment       0x0000007e       0x7f ..\obj\arm_common_tables.o
 .comment       0x0000007e       0x7f ..\obj\arm_rfft_f32.o
 .comment       0x0000007e       0x7f ..\obj\startup_stm32f4xx.o
 .comment       0x0000007e       0x7f ..\obj\main.o
 .comment       0x0000007e       0x7f ..\obj\stm32f4xx_rcc.o
 .comment       0x0000007e       0x7f ..\obj\arm_rfft_init_f32.o
 .comment       0x0000007e       0x7f ..\obj\stm32f4xx_it.o
 .comment       0x0000007e       0x7f ..\obj\arm_cmplx_mag_f32.o
 .comment       0x0000007e       0x7f ..\obj\stm32f4xx_gpio.o
 .comment       0x0000007e       0x7f ..\obj\system_stm32f4xx.o
 .comment       0x0000007e       0x7f ..\obj\stm32f4xx_spi.o
 .comment       0x0000007e       0x7f ..\obj\misc.o
 .comment       0x0000007e       0x7f ..\obj\arm_max_f32.o
 .comment       0x0000007e       0x7f ..\obj\arm_cfft_radix4_init_f32.o
 .comment       0x0000007e       0x61 ..\..\..\libpdmfilter_gcc.a(pdm_filter.o)
                                 0x62 (size before relaxing)

.ARM.attributes
                0x00000000       0x37
 .ARM.attributes
                0x00000000       0x37 ..\obj\arm_cfft_radix4_f32.o
 .ARM.attributes
                0x00000037       0x37 ..\obj\arm_common_tables.o
 .ARM.attributes
                0x0000006e       0x37 ..\obj\arm_rfft_f32.o
 .ARM.attributes
                0x000000a5       0x37 ..\obj\startup_stm32f4xx.o
 .ARM.attributes
                0x000000dc       0x37 ..\obj\main.o
 .ARM.attributes
                0x00000113       0x37 ..\obj\stm32f4xx_rcc.o
 .ARM.attributes
                0x0000014a       0x37 ..\obj\arm_rfft_init_f32.o
 .ARM.attributes
                0x00000181       0x37 ..\obj\stm32f4xx_it.o
 .ARM.attributes
                0x000001b8       0x37 ..\obj\arm_cmplx_mag_f32.o
 .ARM.attributes
                0x000001ef       0x37 ..\obj\stm32f4xx_gpio.o
 .ARM.attributes
                0x00000226       0x37 ..\obj\system_stm32f4xx.o
 .ARM.attributes
                0x0000025d       0x37 ..\obj\stm32f4xx_spi.o
 .ARM.attributes
                0x00000294       0x37 ..\obj\misc.o
 .ARM.attributes
                0x000002cb       0x37 ..\obj\arm_max_f32.o
 .ARM.attributes
                0x00000302       0x37 ..\obj\arm_cfft_radix4_init_f32.o
 .ARM.attributes
                0x00000339       0x31 ..\..\..\libpdmfilter_gcc.a(pdm_filter.o)
 .ARM.attributes
                0x0000036a       0x32 d:/programy/7 2017-q4-major/bin/../lib/gcc/arm-none-eabi/7.2.1/../../../../arm-none-eabi/lib/thumb/v7e-m/fpv4-sp/softfp\libm.a(lib_a-wf_sqrt.o)
 .ARM.attributes
                0x0000039c       0x32 d:/programy/7 2017-q4-major/bin/../lib/gcc/arm-none-eabi/7.2.1/../../../../arm-none-eabi/lib/thumb/v7e-m/fpv4-sp/softfp\libm.a(lib_a-ef_sqrt.o)
 .ARM.attributes
                0x000003ce       0x32 d:/programy/7 2017-q4-major/bin/../lib/gcc/arm-none-eabi/7.2.1/../../../../arm-none-eabi/lib/thumb/v7e-m/fpv4-sp/softfp\libm.a(lib_a-s_lib_ver.o)
 .ARM.attributes
                0x00000400       0x32 d:/programy/7 2017-q4-major/bin/../lib/gcc/arm-none-eabi/7.2.1/../../../../arm-none-eabi/lib/thumb/v7e-m/fpv4-sp/softfp\libm.a(lib_a-s_matherr.o)
 .ARM.attributes
                0x00000432       0x22 d:/programy/7 2017-q4-major/bin/../lib/gcc/arm-none-eabi/7.2.1/thumb/v7e-m/fpv4-sp/softfp\libgcc.a(_arm_addsubdf3.o)
 .ARM.attributes
                0x00000454       0x22 d:/programy/7 2017-q4-major/bin/../lib/gcc/arm-none-eabi/7.2.1/thumb/v7e-m/fpv4-sp/softfp\libgcc.a(_arm_muldivdf3.o)
 .ARM.attributes
                0x00000476       0x22 d:/programy/7 2017-q4-major/bin/../lib/gcc/arm-none-eabi/7.2.1/thumb/v7e-m/fpv4-sp/softfp\libgcc.a(_arm_fixunsdfsi.o)
 .ARM.attributes
                0x00000498       0x22 d:/programy/7 2017-q4-major/bin/../lib/gcc/arm-none-eabi/7.2.1/thumb/v7e-m/fpv4-sp/softfp\libgcc.a(_arm_truncdfsf2.o)
 .ARM.attributes
                0x000004ba       0x22 d:/programy/7 2017-q4-major/bin/../lib/gcc/arm-none-eabi/7.2.1/thumb/v7e-m/fpv4-sp/softfp\libgcc.a(_arm_muldivsf3.o)
 .ARM.attributes
                0x000004dc       0x22 d:/programy/7 2017-q4-major/bin/../lib/gcc/arm-none-eabi/7.2.1/thumb/v7e-m/fpv4-sp/softfp\libgcc.a(_arm_cmpsf2.o)
 .ARM.attributes
                0x000004fe       0x32 d:/programy/7 2017-q4-major/bin/../lib/gcc/arm-none-eabi/7.2.1/../../../../arm-none-eabi/lib/thumb/v7e-m/fpv4-sp/softfp\libc.a(lib_a-errno.o)
 .ARM.attributes
                0x00000530       0x32 d:/programy/7 2017-q4-major/bin/../lib/gcc/arm-none-eabi/7.2.1/../../../../arm-none-eabi/lib/thumb/v7e-m/fpv4-sp/softfp\libc.a(lib_a-impure.o)

.debug_frame    0x00000000     0x15d8
 .debug_frame   0x00000000       0xac ..\obj\arm_cfft_radix4_f32.o
 .debug_frame   0x000000ac       0x88 ..\obj\arm_rfft_f32.o
 .debug_frame   0x00000134       0x4c ..\obj\startup_stm32f4xx.o
 .debug_frame   0x00000180       0xdc ..\obj\main.o
 .debug_frame   0x0000025c      0x6d4 ..\obj\stm32f4xx_rcc.o
 .debug_frame   0x00000930       0x34 ..\obj\arm_rfft_init_f32.o
 .debug_frame   0x00000964      0x134 ..\obj\stm32f4xx_it.o
 .debug_frame   0x00000a98       0x58 ..\obj\arm_cmplx_mag_f32.o
 .debug_frame   0x00000af0      0x23c ..\obj\stm32f4xx_gpio.o
 .debug_frame   0x00000d2c       0x7c ..\obj\system_stm32f4xx.o
 .debug_frame   0x00000da8      0x3f4 ..\obj\stm32f4xx_spi.o
 .debug_frame   0x0000119c       0xd8 ..\obj\misc.o
 .debug_frame   0x00001274       0x38 ..\obj\arm_max_f32.o
 .debug_frame   0x000012ac       0x38 ..\obj\arm_cfft_radix4_init_f32.o
 .debug_frame   0x000012e4       0x50 d:/programy/7 2017-q4-major/bin/../lib/gcc/arm-none-eabi/7.2.1/../../../../arm-none-eabi/lib/thumb/v7e-m/fpv4-sp/softfp\libm.a(lib_a-wf_sqrt.o)
 .debug_frame   0x00001334       0x20 d:/programy/7 2017-q4-major/bin/../lib/gcc/arm-none-eabi/7.2.1/../../../../arm-none-eabi/lib/thumb/v7e-m/fpv4-sp/softfp\libm.a(lib_a-ef_sqrt.o)
 .debug_frame   0x00001354       0x20 d:/programy/7 2017-q4-major/bin/../lib/gcc/arm-none-eabi/7.2.1/../../../../arm-none-eabi/lib/thumb/v7e-m/fpv4-sp/softfp\libm.a(lib_a-s_matherr.o)
 .debug_frame   0x00001374       0xac d:/programy/7 2017-q4-major/bin/../lib/gcc/arm-none-eabi/7.2.1/thumb/v7e-m/fpv4-sp/softfp\libgcc.a(_arm_addsubdf3.o)
 .debug_frame   0x00001420       0x50 d:/programy/7 2017-q4-major/bin/../lib/gcc/arm-none-eabi/7.2.1/thumb/v7e-m/fpv4-sp/softfp\libgcc.a(_arm_muldivdf3.o)
 .debug_frame   0x00001470       0x24 d:/programy/7 2017-q4-major/bin/../lib/gcc/arm-none-eabi/7.2.1/thumb/v7e-m/fpv4-sp/softfp\libgcc.a(_arm_fixunsdfsi.o)
 .debug_frame   0x00001494       0x24 d:/programy/7 2017-q4-major/bin/../lib/gcc/arm-none-eabi/7.2.1/thumb/v7e-m/fpv4-sp/softfp\libgcc.a(_arm_truncdfsf2.o)
 .debug_frame   0x000014b8       0x38 d:/programy/7 2017-q4-major/bin/../lib/gcc/arm-none-eabi/7.2.1/thumb/v7e-m/fpv4-sp/softfp\libgcc.a(_arm_muldivsf3.o)
 .debug_frame   0x000014f0       0xc8 d:/programy/7 2017-q4-major/bin/../lib/gcc/arm-none-eabi/7.2.1/thumb/v7e-m/fpv4-sp/softfp\libgcc.a(_arm_cmpsf2.o)
 .debug_frame   0x000015b8       0x20 d:/programy/7 2017-q4-major/bin/../lib/gcc/arm-none-eabi/7.2.1/../../../../arm-none-eabi/lib/thumb/v7e-m/fpv4-sp/softfp\libc.a(lib_a-errno.o)
